// ViTest SnapShot v1: https://vitest.dev/guide/snapshot.html

exports[`router > parse RouterLink 'to' attribute 1`] = `
	<li
		class="flex justify-between items-center p-3 pl-6 cursor-pointer transition duration-300 hover:bg-gray-50"
		id="testID"
	>
		<div>
			<a
				class="font-bold block text-gray-600"
			>
				testModifiedName
			</a>
			<span
				class="text-gray-500 text-sm"
			>
				testDisplayName
			</span>
		</div>
		<div
			class="text-gray-600 text-lg"
		>
			<span
				class="comments"
			>
			<i
				class="fa fa-comments text-gray-600"
			/>
				7
			</span>
		</div>
	</li>
`;